Untracked files:
  (use "git add <file>..." to include in what will be committed)

        doc/images/Picture1.png
        doc/images/Picture3.png
        doc/images/Picture4.png

nothing added to commit but untracked files present (use "git add" to track)
~\Documents\GitHub\tech_writer_test [melweed-test +3 ~0 -0 !]> git remote add melweed-test https://github.com/melwee01/tech_writer_test~\Documents\GitHub\tech_writer_test [melweed-test +4 ~0 -0 !]> git status
On branch melweed-test
Untracked files:
  (use "git add <file>..." to include in what will be committed)

        doc/images/Picture1.png
        doc/images/Picture3.png
        doc/images/Picture4.png
        doc/images/Picture5.png

nothing added to commit but untracked files present (use "git add" to track)
~\Documents\GitHub\tech_writer_test [melweed-test +4 ~0 -0 !]> git status
On branch melweed-test
Untracked files:
  (use "git add <file>..." to include in what will be committed)

        doc/images/Picture1.png
        doc/images/Picture3.png
        doc/images/Picture4.png
        doc/images/Picture5.png
        doc/mel-weed-technical-test.rst

nothing added to commit but untracked files present (use "git add" to track)
~\Documents\GitHub\tech_writer_test [melweed-test +5 ~0 -0 !]> git add .
~\Documents\GitHub\tech_writer_test [melweed-test +5 ~0 -0 ~]> git commit -m "technical test"
[melweed-test 10f8c34] technical test
 5 files changed, 78 insertions(+)
 create mode 100644 doc/images/Picture1.png
 create mode 100644 doc/images/Picture3.png
 create mode 100644 doc/images/Picture4.png
 create mode 100644 doc/images/Picture5.png
 create mode 100644 doc/mel-weed-technical-test.rst
~\Documents\GitHub\tech_writer_test [melweed-test]> git push
-u melweed-test melweed-test
Counting objects: 9, done.
Delta compression using up to 4 threads.
Compressing objects: 100% (9/9), done.
Writing objects: 100% (9/9), 146.23 KiB | 20.89 MiB/s, done.
Total 9 (delta 2), reused 0 (delta 0)
remote: Resolving deltas: 100% (2/2), completed with 2 local
objects.
remote:
remote: Create a pull request for 'melweed-test' on GitHub by visiting:
remote:      https://github.com/melwee01/tech_writer_test/pull/new/melweed-test
remote:
To https://github.com/melwee01/tech_writer_test
 * [new branch]      melweed-test -> melweed-test
Branch 'melweed-test' set up to track remote branch 'melweed-test' from 'melweed-test'.
~\Documents\GitHub\tech_writer_test [melweed-test =]>